com\busbooking\service\BookingService.class
com\busbooking\config\CustomSuccessHandler.class
com\busbooking\repository\BusRepository.class
com\busbooking\config\SecurityConfig.class
com\busbooking\controller\LoginController.class
com\busbooking\controller\DashboardController.class
com\busbooking\model\Bus.class
com\busbooking\repository\BookingRepository.class
com\busbooking\repository\UserRepository.class
com\busbooking\model\User.class
com\busbooking\controller\PassengerController.class
com\busbooking\config\SecurityConfig$CustomSuccessHandler.class
com\busbooking\controller\HomeController.class
com\busbooking\controller\UserController.class
com\busbooking\service\BusService.class
com\busbooking\model\Booking.class
com\busbooking\service\UserService.class
com\busbooking\controller\BookingController.class
com\busbooking\BusbookingApplication.class
com\busbooking\controller\BusController.class
com\busbooking\repository\PassengerRepository.class
com\busbooking\service\PassengerService.class
com\busbooking\model\Passenger.class
com\busbooking\service\CustomUserDetailsService.class
