D:\New folder (4)\busbooking\src\main\java\com\busbooking\BusbookingApplication.java
D:\New folder (4)\busbooking\src\main\java\com\busbooking\config\CustomSuccessHandler.java
D:\New folder (4)\busbooking\src\main\java\com\busbooking\config\SecurityConfig.java
D:\New folder (4)\busbooking\src\main\java\com\busbooking\controller\BookingController.java
D:\New folder (4)\busbooking\src\main\java\com\busbooking\controller\BusController.java
D:\New folder (4)\busbooking\src\main\java\com\busbooking\controller\DashboardController.java
D:\New folder (4)\busbooking\src\main\java\com\busbooking\controller\HomeController.java
D:\New folder (4)\busbooking\src\main\java\com\busbooking\controller\LoginController.java
D:\New folder (4)\busbooking\src\main\java\com\busbooking\controller\PassengerController.java
D:\New folder (4)\busbooking\src\main\java\com\busbooking\controller\UserController.java
D:\New folder (4)\busbooking\src\main\java\com\busbooking\model\Booking.java
D:\New folder (4)\busbooking\src\main\java\com\busbooking\model\Bus.java
D:\New folder (4)\busbooking\src\main\java\com\busbooking\model\Passenger.java
D:\New folder (4)\busbooking\src\main\java\com\busbooking\model\User.java
D:\New folder (4)\busbooking\src\main\java\com\busbooking\repository\BookingRepository.java
D:\New folder (4)\busbooking\src\main\java\com\busbooking\repository\BusRepository.java
D:\New folder (4)\busbooking\src\main\java\com\busbooking\repository\PassengerRepository.java
D:\New folder (4)\busbooking\src\main\java\com\busbooking\repository\UserRepository.java
D:\New folder (4)\busbooking\src\main\java\com\busbooking\service\BookingService.java
D:\New folder (4)\busbooking\src\main\java\com\busbooking\service\BusService.java
D:\New folder (4)\busbooking\src\main\java\com\busbooking\service\CustomUserDetailsService.java
D:\New folder (4)\busbooking\src\main\java\com\busbooking\service\PassengerService.java
D:\New folder (4)\busbooking\src\main\java\com\busbooking\service\UserService.java
